
======================================================================
>> بدء تشغيل بروتوكول حدث سجل الالي المعتمد
======================================================================

[الخطوة 1] -> فحص الـ Syntax لملف البوت النشط 01.33...
OK: تم اجتياز فحص Syntax بنجاح (Exit Code 0).

[الخطوة 2] -> فحص سلامة وتكامل روابط التوثيق (P10 Docs Integrity Guard)...
OK: تم اجتياز فحص التوثيق بنجاح (34 ملف، 8 رابط - صفر أخطاء).

[الخطوة 3] -> تشغيل اختبارات الوحدة الشاملة (32 فحص) - Test-Before-Talk Gate...
OK: تم اجتياز كافة الاختبارات بنجاح (976 فحص) في 1.897 ثانية! (Exit Code 0).

[الخطوة 4] -> تحديث سجل الاختبارات الحية docs/tests/TEST_EXECUTION_LOGS.md...
/home/user/webapp/scripts/hadith_sijil.py:94: DeprecationWarning: datetime.datetime.utcnow() is deprecated and scheduled for removal in a future version. Use timezone-aware objects to represent datetimes in UTC: datetime.datetime.now(datetime.UTC).
  now_str = datetime.utcnow().strftime("%Y-%m-%d %H:%M:%S UTC")
OK: تم تحديث TEST_EXECUTION_LOGS.md بنجاح.

[الخطوة 5] -> تقرير الإنجاز النهائي لبروتوكول حدث سجل...

----------------------------------------------------------------------
| البند                          | النتيجة                        |
----------------------------------------------------------------------
| حالة الفحص الآلي               | OK 976/976 PASS (100% OK)      |
| فحص تكامل التوثيق (P10)        | OK (34 files)                  |
| الزمن المقاس                   | 1.897s                         |
| رمز الخروج (Exit Code)         | 0 (نجاح كامل)                  |
| الإصدار المعتمد                | 01.33_telegram_gen_bridge.py   |
| جناحي التوثيق                  | docs/engineering + docs/tests  |
----------------------------------------------------------------------

 تم اكتمال بروتوكول حدث سجل بنجاح تام وفق المعايير المعتمدة!
